Microchip MPLAB XC8 Compiler V1.35 ()

Linker command line:

--edf=D:\Info\Soft\MPLABX\v1.35\dat\en_msgs.txt -cs \
  -h+dist/PDFSUSB_2550_XC8/production\Chargeur_FSUSB.X.production.sym \
  --cmf=dist/PDFSUSB_2550_XC8/production\Chargeur_FSUSB.X.production.cmf -z \
  -Q18F2550 -oC:\Users\bnabi\AppData\Local\Temp\she0.2 \
  -Mdist/PDFSUSB_2550_XC8/production/Chargeur_FSUSB.X.production.map -E1 \
  -ver=XC8 -ASTACK=0580h-07ffh -pstack=STACK -ACODE=00h-07FFFh \
  -ACONST=00h-07FFFh -ASMALLCONST=0800h-08FFhx120 \
  -AMEDIUMCONST=0800h-07FFFh -ACOMRAM=01h-05Fh -AABS1=00h-07FFh \
  -ABIGRAM=01h-07FFh -ARAM=060h-0FFh,0100h-01FFhx7 -ABANK0=060h-0FFh \
  -ABANK1=0100h-01FFh -ABANK2=0200h-02FFh -ABANK3=0300h-03FFh \
  -ABANK4=0400h-04FFh -ABANK5=0500h-05FFh -ABANK6=0600h-06FFh \
  -ABANK7=0700h-07FFh -ASFR=0F60h-0FFFh \
  -preset_vec=00h,intcode=08h,intcodelo=018h,powerup,init,end_init \
  -pramtop=0800h -psmallconst=SMALLCONST -pmediumconst=MEDIUMCONST \
  -pconst=CONST -AFARRAM=00h-00h -ACONFIG=0300000h-030000Dh -pconfig=CONFIG \
  -AIDLOC=0200000h-0200007h -pidloc=IDLOC -AEEDATA=0F00000h-0F000FFh \
  -peeprom_data=EEDATA \
  -prdata=COMRAM,nvrram=COMRAM,nvbit=COMRAM,rbss=COMRAM,rbit=COMRAM \
  -pfarbss=FARRAM,fardata=FARRAM,nvFARRAM=FARRAM \
  -pintsave_regs=BIGRAM,bigbss=BIGRAM,bigdata=BIGRAM -pbss=RAM \
  -pidata=CODE,irdata=CODE,ibigdata=CODE,ifardata=CODE -prparam=COMRAM \
  C:\Users\bnabi\AppData\Local\Temp\she0.obj \
  dist/PDFSUSB_2550_XC8/production\Chargeur_FSUSB.X.production.obj 

Object code version is 3.11

Machine type is 18F2550

Call graph: (short form)




                Name                               Link     Load   Length Selector   Space Scale
C:\Users\bnabi\AppData\Local\Temp\she0.obj
                end_init                             A6       A6        4        C       0
                reset_vec                             0        0        4        0       0
                idloc                            200000   200000        8   200000       0
                config                           300000   300000        E   300000       0
dist/PDFSUSB_2550_XC8/production\Chargeur_FSUSB.X.production.obj
                intcodelo                            18       18       8E        C       0
                intcode                               8        8        E        4       0
                temp                                 4E       4E        1        1       1
                mediumconst                        7D2E     7D2E      2D2     3E97       0
                text86                             2D02     2D02       D4        C       0
                text85                             31C6     31C6       C4        C       0
                text84                             3102     3102       C4        C       0
                text83                             23D4     23D4      118        C       0
                text82                             3B9A     3B9A       5C        C       0
                text81                             35F4     35F4       94        C       0
                text80                             3D6E     3D6E       3C        C       0
                text79                             3402     3402       BA        C       0
                text78                             3AD4     3AD4       68        C       0
                text77                             409E     409E        6     202B       0
                text76                             40B2     40B2        2     202B       0
                text75                             40B0     40B0        2     202B       0
                text74                             40AE     40AE        2     202B       0
                text73                             40AC     40AC        2     202B       0
                text72                             2DD6     2DD6       D0        C       0
                text71                             381E     381E       7C        C       0
                text70                             1118     1118      286        C       0
                text69                             2026     2026      13C        C       0
                text68                             3348     3348       BA        C       0
                text67                             3F0C     3F0C       2C        C       0
                text66                             27E0     27E0       E6        C       0
                text65                             26EC     26EC       F4        C       0
                text64                             34BC     34BC       9E        C       0
                text63                             25F8     25F8       F4        C       0
                text62                             3688     3688       8E        C       0
                text61                             2C2C     2C2C       D6        C       0
                text60                             3D2C     3D2C       42        C       0
                text59                             3F8C     3F8C       28        C       0
                text58                             3EDE     3EDE       2E        C       0
                text57                             229C     229C      138        C       0
                text56                             2162     2162      13A        C       0
                intcode_body                       3984     3984       72        C       0
                text53                             4092     4092        C     202B       0
                text52                             3FB4     3FB4       26        C       0
                text51                             389A     389A       78        C       0
                text50                             3DAA     3DAA       36        C       0
                text49                             3F62     3F62       2A        C       0
                text48                              89C      89C      49C        C       0
                text47                             3C9E     3C9E       4A        C       0
                text46                             3A66     3A66       6E        C       0
                text45                             4086     4086        C     202B       0
                text44                             4034     4034       12        C       0
                text43                             3FDA     3FDA       22        C       0
                text42                             24EC     24EC      10C        C       0
                text41                             3CE8     3CE8       44        C       0
                text40                             1EDA     1EDA      14C        C       0
                text39                             1C26     1C26      15E        C       0
                text38                             2B56     2B56       D6        C       0
                text37                             303A     303A       C8        C       0
                text36                             3F38     3F38       2A        C       0
                text35                             29A4     29A4       DA        C       0
                text34                             40AA     40AA        2     202B       0
                text33                             407A     407A        C     202B       0
                text32                             406E     406E        C     202B       0
                text31                             4062     4062        C     202B       0
                text30                             4056     4056        C     202B       0
                text29                             40A8     40A8        2     202B       0
                text28                             40A6     40A6        2     202B       0
                text27                             40A4     40A4        2     202B       0
                text26                             139E     139E      268        C       0
                text25                             3EAE     3EAE       30        C       0
                text24                              D38      D38      3E0        C       0
                text23                             2F70     2F70       CA        C       0
                text22                             3C4A     3C4A       54        C       0
                text21                             39F6     39F6       70        C       0
                text20                             3BF6     3BF6       54        C       0
                text19                             28C6     28C6       DE        C       0
                text18                             3E48     3E48       34        C       0
                text17                             2EA6     2EA6       CA        C       0
                text16                             328A     328A       BE        C       0
                text15                             3716     3716       8C        C       0
                text14                             3912     3912       72        C       0
                text13                             1A9E     1A9E      188        C       0
                text12                             1916     1916      188        C       0
                text11                             178E     178E      188        C       0
                text10                               AA       AA      7F2        C       0
                text9                              2A7E     2A7E       D8        C       0
                text8                              1606     1606      188        C       0
                text7                              37A2     37A2       7C        C       0
                text6                              3E7C     3E7C       32        C       0
                text5                              355A     355A       9A        C       0
                text4                              3FFC     3FFC       20        C       0
                text3                              3E14     3E14       34        C       0
                text2                              3DE0     3DE0       34        C       0
                text1                              1D84     1D84      156        C       0
                text0                              401C     401C       18        C       0
                cstackCOMRAM                          1        1       2C        1       1
                cstackBANK0                          B6       B6       38       60       1
                cstackBANK1                         16F      16F       23      100       1
                cstackBANK2                         280      280       72      200       1
                bssBANK2                            200      200       80      200       1
                dataBANK1                           192      192        F      100       1
                bssBANK1                            100      100       6F      100       1
                bssBANK0                             60       60       56       60       1
                bssCOMRAM                            2D       2D       21        1       1
                cinit                              3B3C     3B3C       5E        C       0
                idataBANK1                         4046     4046        F        C       0

TOTAL           Name                               Link     Load   Length     Space
        CLASS   STACK          

        CLASS   CODE           
                end_init                             A6       A6        4         0
                intcodelo                            18       18       8E         0
                intcode                               8        8        E         0
                reset_vec                             0        0        4         0
                text86                             2D02     2D02       D4         0
                text85                             31C6     31C6       C4         0
                text84                             3102     3102       C4         0
                text83                             23D4     23D4      118         0
                text82                             3B9A     3B9A       5C         0
                text81                             35F4     35F4       94         0
                text80                             3D6E     3D6E       3C         0
                text79                             3402     3402       BA         0
                text78                             3AD4     3AD4       68         0
                text77                             409E     409E        6         0
                text76                             40B2     40B2        2         0
                text75                             40B0     40B0        2         0
                text74                             40AE     40AE        2         0
                text73                             40AC     40AC        2         0
                text72                             2DD6     2DD6       D0         0
                text71                             381E     381E       7C         0
                text70                             1118     1118      286         0
                text69                             2026     2026      13C         0
                text68                             3348     3348       BA         0
                text67                             3F0C     3F0C       2C         0
                text66                             27E0     27E0       E6         0
                text65                             26EC     26EC       F4         0
                text64                             34BC     34BC       9E         0
                text63                             25F8     25F8       F4         0
                text62                             3688     3688       8E         0
                text61                             2C2C     2C2C       D6         0
                text60                             3D2C     3D2C       42         0
                text59                             3F8C     3F8C       28         0
                text58                             3EDE     3EDE       2E         0
                text57                             229C     229C      138         0
                text56                             2162     2162      13A         0
                intcode_body                       3984     3984       72         0
                text53                             4092     4092        C         0
                text52                             3FB4     3FB4       26         0
                text51                             389A     389A       78         0
                text50                             3DAA     3DAA       36         0
                text49                             3F62     3F62       2A         0
                text48                              89C      89C      49C         0
                text47                             3C9E     3C9E       4A         0
                text46                             3A66     3A66       6E         0
                text45                             4086     4086        C         0
                text44                             4034     4034       12         0
                text43                             3FDA     3FDA       22         0
                text42                             24EC     24EC      10C         0
                text41                             3CE8     3CE8       44         0
                text40                             1EDA     1EDA      14C         0
                text39                             1C26     1C26      15E         0
                text38                             2B56     2B56       D6         0
                text37                             303A     303A       C8         0
                text36                             3F38     3F38       2A         0
                text35                             29A4     29A4       DA         0
                text34                             40AA     40AA        2         0
                text33                             407A     407A        C         0
                text32                             406E     406E        C         0
                text31                             4062     4062        C         0
                text30                             4056     4056        C         0
                text29                             40A8     40A8        2         0
                text28                             40A6     40A6        2         0
                text27                             40A4     40A4        2         0
                text26                             139E     139E      268         0
                text25                             3EAE     3EAE       30         0
                text24                              D38      D38      3E0         0
                text23                             2F70     2F70       CA         0
                text22                             3C4A     3C4A       54         0
                text21                             39F6     39F6       70         0
                text20                             3BF6     3BF6       54         0
                text19                             28C6     28C6       DE         0
                text18                             3E48     3E48       34         0
                text17                             2EA6     2EA6       CA         0
                text16                             328A     328A       BE         0
                text15                             3716     3716       8C         0
                text14                             3912     3912       72         0
                text13                             1A9E     1A9E      188         0
                text12                             1916     1916      188         0
                text11                             178E     178E      188         0
                text10                               AA       AA      7F2         0
                text9                              2A7E     2A7E       D8         0
                text8                              1606     1606      188         0
                text7                              37A2     37A2       7C         0
                text6                              3E7C     3E7C       32         0
                text5                              355A     355A       9A         0
                text4                              3FFC     3FFC       20         0
                text3                              3E14     3E14       34         0
                text2                              3DE0     3DE0       34         0
                text1                              1D84     1D84      156         0
                text0                              401C     401C       18         0
                cinit                              3B3C     3B3C       5E         0
                idataBANK1                         4046     4046        F         0

        CLASS   CONST          

        CLASS   SMALLCONST     

        CLASS   MEDIUMCONST    
                mediumconst                        7D2E     7D2E      2D2         0

        CLASS   COMRAM         
                temp                                 4E       4E        1         1
                cstackCOMRAM                          1        1       2C         1
                bssCOMRAM                            2D       2D       21         1

        CLASS   ABS1           
                abs_s1                              400      400       40         1
                abs_s1                              500      500       80         1

        CLASS   BIGRAM         

        CLASS   RAM            

        CLASS   BANK0          
                cstackBANK0                          B6       B6       38         1
                bssBANK0                             60       60       56         1

        CLASS   BANK1          
                cstackBANK1                         16F      16F       23         1
                dataBANK1                           192      192        F         1
                bssBANK1                            100      100       6F         1

        CLASS   BANK2          
                cstackBANK2                         280      280       72         1
                bssBANK2                            200      200       80         1

        CLASS   BANK3          

        CLASS   BANK4          

        CLASS   BANK5          

        CLASS   BANK6          

        CLASS   BANK7          

        CLASS   SFR            

        CLASS   FARRAM         

        CLASS   CONFIG         
                config                           300000   300000        E         0

        CLASS   IDLOC          
                idloc                            200000   200000        8         0

        CLASS   EEDATA         



SEGMENTS        Name                           Load    Length   Top    Selector   Space  Class

                reset_vec                      000000  000004  000004         0       0  CODE    
                cstackCOMRAM                   000001  00004E  00004F         1       1  COMRAM  
                intcode                        000008  00000E  000016         4       0  CODE    
                intcodelo                      000018  00403D  004055         C       0  CODE    
                bssBANK0                       000060  00008E  0000EE        60       1  BANK0   
                bssBANK1                       000100  0000A1  0001A1       100       1  BANK1   
                bssBANK2                       000200  0000F2  0002F2       200       1  BANK2   
                text30                         004056  00005E  0040B4      202B       0  CODE    
                mediumconst                    007D2E  0002D2  008000      3E97       0  MEDIUMCO
                idloc                          200000  000008  200008    200000       0  IDLOC   
                config                         300000  00000E  30000E    300000       0  CONFIG  


UNUSED ADDRESS RANGES

        Name                Unused          Largest block    Delta
        BANK0            0000EE-0000FF               12
        BANK1            0001A1-0001FF               5F
        BANK2            0002F2-0002FF                E
        BANK3            000300-0003FF              100
        BANK4            000440-0004FF               C0
        BANK5            000580-0005FF               80
        BANK6            000600-0006FF              100
        BANK7            000700-0007FF              100
        BIGRAM           00004F-00005F               11
                         0000EE-0000FF               12
                         0001A1-0001FF               5F
                         0002F2-0003FF              10E
                         000440-0004FF               C0
                         000580-0007FF              280
        CODE             000004-000007                4
                         000016-000017                2
                         004055-004055                1
                         0040B4-007D2D             3C7A
        COMRAM           00004F-00005F               11
        CONST            000004-000007                4
                         000016-000017                2
                         004055-004055                1
                         0040B4-007D2D             3C7A
        EEDATA           F00000-F000FF              100
        MEDIUMCONST      004055-004055                1
                         0040B4-007D2D             3C7A
        RAM              0000EE-0000FF               12
                         0001A1-0001FF               5F
                         0002F2-0003FF                E
                         000440-0004FF               C0
                         000580-0007FF              100
        SFR              000F60-000FFF               A0
        SMALLCONST       004055-004055                1
                         0040B4-007D2D              100
        STACK            000580-0007FF              280

                                  Symbol Table

?_APP_USB_send                            cstackBANK0  0000E7
?_I_V_Set                                 cstackBANK1  000184
?_ReadADC                                 cstackBANK0  0000C7
?_USBTransferOnePacket                    cstackBANK0  0000C7
?_V_Eval                                  cstackBANK1  00017E
?___awdiv                                 cstackBANK0  0000C7
?___awtoft                                cstackBANK0  0000CF
?___ftadd                                 cstackBANK0  0000E2
?___ftdiv                                 cstackBANK1  00016F
?___ftmul                                 cstackBANK0  0000D3
?___ftneg                                 cstackBANK0  0000C7
?___ftpack                                cstackBANK0  0000C7
?___lwdiv                                 cstackBANK0  0000C7
?___lwtoft                                cstackBANK0  0000CF
?___wmul                                  cstackBANK0  0000C7
?_calc_Time                               cstackBANK0  0000CF
?_check_Lipo                              cstackBANK0  0000C7
?_check_Precondition                      cstackBANK1  000184
?_initialize                              cstackBANK0  0000C7
?_list_Action                             cstackBANK0  0000C7
?_list_Battery                            cstackBANK0  0000C7
?_list_Program                            cstackBANK0  0000C7
?_sprintf                                 cstackBANK0  0000CE
?_start_CC                                cstackBANK1  00018B
?_start_CV                                cstackBANK1  00018B
?_start_Precondition                      cstackBANK1  00018B
?_stop_CV                                 cstackBANK1  000184
?_strlen                                  cstackBANK0  0000C7
?_strncmp                                 cstackBANK0  0000C7
?_verifie_Ibat                            cstackBANK1  00018B
?_verifie_Precondition                    cstackBANK1  00018B
?_verifie_Vbat                            cstackBANK1  00018B
?i2_USBTransferOnePacket                  cstackCOMRAM 000012
APP_CustomCDCTasks@end                    cstackBANK2  0002E4
APP_CustomCDCTasks@msg_Error              cstackBANK2  000280
APP_CustomCDCTasks@precondition           cstackBANK2  0002EE
APP_CustomCDCTasks@res                    cstackBANK2  0002F0
APP_USB_send@args                         cstackBANK1  00016F
APP_USB_send@format                       cstackBANK0  0000E7
CDCTxService@byte_to_send                 cstackBANK0  0000D2
CDCTxService@i                            cstackBANK0  0000D1
CalcPI@PIdata                             cstackBANK1  00017E
I_V_Set@channel                           cstackBANK1  000186
I_V_Set@count                             cstackBANK1  000189
I_V_Set@res                               cstackBANK1  000187
OpenADC@config                            cstackBANK0  0000CB
OpenADC@config2                           cstackBANK0  0000C7
OpenADC@portconfig                        cstackBANK0  0000C8
OpenTimer1@config                         cstackBANK0  0000C7
SYSTEM_Initialize@state                   cstackBANK0  0000CF
SelChanConvADC@channel                    cstackBANK0  0000C8
USBCBSendResume@delay_count               bssCOMRAM    00002D
USBConfigureEndpoint@EPNum                cstackCOMRAM 000017
USBConfigureEndpoint@direction            cstackCOMRAM 000012
USBConfigureEndpoint@handle               cstackCOMRAM 000018
USBCtrlEPService@setup_cnt                cstackCOMRAM 00002C
USBCtrlTrfInHandler@lastDTS               cstackCOMRAM 000013
USBCtrlTrfRxService@byteToRead            cstackCOMRAM 000013
USBCtrlTrfRxService@i                     cstackCOMRAM 000012
USBCtrlTrfTxService@byteToSend            cstackCOMRAM 000012
USBDeviceInit@i                           cstackBANK0  0000CF
USBDeviceTasks@i                          cstackBANK0  0000B8
USBEnableEndpoint@ep                      cstackCOMRAM 00001D
USBEnableEndpoint@options                 cstackCOMRAM 00001A
USBEnableEndpoint@p                       cstackCOMRAM 00001B
USBStdFeatureReqHandler@current_ep_data   cstackCOMRAM 000029
USBStdFeatureReqHandler@p                 cstackCOMRAM 00002A
USBStdFeatureReqHandler@pUEP              cstackCOMRAM 000027
USBStdGetStatusHandler@p                  cstackCOMRAM 000013
USBStdSetCfgHandler@i                     cstackCOMRAM 000026
USBTransferOnePacket@data                 cstackBANK0  0000C8
USBTransferOnePacket@dir                  cstackBANK0  0000C7
USBTransferOnePacket@ep                   cstackBANK0  0000CB
USBTransferOnePacket@handle               cstackBANK0  0000CC
USBTransferOnePacket@len                  cstackBANK0  0000CA
USER_USB_CALLBACK_EVENT_HANDLER@event     cstackCOMRAM 00001E
USER_USB_CALLBACK_EVENT_HANDLER@pdata     cstackCOMRAM 000020
USER_USB_CALLBACK_EVENT_HANDLER@size      cstackCOMRAM 000022
V_Eval@channel                            cstackBANK1  000180
V_Eval@temp                               cstackBANK1  000181
V_Eval@voltage                            cstackBANK1  00017E
_ADCON0                                   (abs)        000FC2
_ADCON0bits                               (abs)        000FC2
_ADCON1                                   (abs)        000FC1
_ADCON2                                   (abs)        000FC0
_ADRESH                                   (abs)        000FC4
_ADRESL                                   (abs)        000FC3
_APP_CustomCDCInitialize                  text77       00409E
_APP_CustomCDCTasks                       text10       0000AA
_APP_USBCBErrorHandler                    text76       0040B2
_APP_USBCBSuspend                         text75       0040B0
_APP_USBCBWakeFromSuspend                 text74       0040AE
_APP_USBCB_SOF_Handler                    text73       0040AC
_APP_USB_send                             text46       003A66
_BDT                                      (abs)        000400
_BaudRateGen                              bssBANK0     00007A
_BothEP0OutUOWNsSet                       bssCOMRAM    000035
_BusyADC                                  text45       004086
_CDCDataInHandle                          bssBANK0     000094
_CDCDataOutHandle                         bssBANK0     000096
_CDCInitEP                                text78       003AD4
_CDCTxService                             text8        001606
_CDCTxService$2649                        cstackBANK0  0000CF
_CalcPI                                   text24       000D38
_CtrlTrfData                              (abs)        000438
_INTCONbits                               (abs)        000FF2
_IPR2bits                                 (abs)        000FA2
_I_V_Set                                  text23       002F70
_InitCharger                              text5        00355A
_OpenADC                                  text7        0037A2
_OpenTimer1                               text6        003E7C
_PI                                       bssBANK0     00009F
_PIE1bits                                 (abs)        000F9D
_PIE2bits                                 (abs)        000FA0
_PIR1bits                                 (abs)        000F9E
_PIR2bits                                 (abs)        000FA1
_RCONbits                                 (abs)        000FD0
_ReadADC                                  text44       004034
_RemoteWakeup                             bssCOMRAM    000036
_SYSTEM_Initialize                        text4        003FFC
_SYS_InterruptHigh                        intcode      000008
_SYS_InterruptLow                         intcodelo    000018
_SelChanConvADC                           text43       003FDA
_SetupPkt                                 (abs)        000430
_T1CON                                    (abs)        000FCD
_T1CONbits                                (abs)        000FCD
_TMR1H                                    (abs)        000FCF
_TMR1L                                    (abs)        000FCE
_UADDR                                    (abs)        000F6E
_UCFG                                     (abs)        000F6F
_UCON                                     (abs)        000F6D
_UCONbits                                 (abs)        000F6D
_UEIE                                     (abs)        000F6B
_UEIR                                     (abs)        000F6A
_UEP0                                     (abs)        000F70
_UEP0bits                                 (abs)        000F70
_UEP1                                     (abs)        000F71
_UIE                                      (abs)        000F69
_UIEbits                                  (abs)        000F69
_UIR                                      (abs)        000F68
_UIRbits                                  (abs)        000F68
_USBActiveConfiguration                   bssCOMRAM    00004C
_USBAlternateInterface                    bssCOMRAM    00004A
_USBBusIsSuspended                        bssCOMRAM    000037
_USBCheckCDCRequest                       text72       002DD6
_USBCheckStdRequest                       text65       0026EC
_USBConfigureEndpoint                     text81       0035F4
_USBCtrlEPAllowDataStage                  text64       0034BC
_USBCtrlEPAllowStatusStage                text84       003102
_USBCtrlEPService                         text61       002C2C
_USBCtrlEPServiceComplete                 text63       0025F8
_USBCtrlTrfInHandler                      text85       0031C6
_USBCtrlTrfOutHandler                     text82       003B9A
_USBCtrlTrfRxService                      text83       0023D4
_USBCtrlTrfSetupHandler                   text62       003688
_USBCtrlTrfTxService                      text86       002D02
_USBDeferINDataStagePackets               bssCOMRAM    000038
_USBDeferOUTDataStagePackets              bssCOMRAM    000039
_USBDeferStatusStagePacket                bssCOMRAM    00003A
_USBDeviceAttach                          text3        003E14
_USBDeviceInit                            text1        001D84
_USBDeviceState                           bssBANK0     00009A
_USBDeviceTasks                           text56       002162
_USBEnableEndpoint                        text80       003D6E
_USBStallHandler                          text60       003D2C
_USBStatusStageEnabledFlag1               bssCOMRAM    00003B
_USBStatusStageEnabledFlag2               bssCOMRAM    00003C
_USBStatusStageTimeoutCounter             bssCOMRAM    00003D
_USBStdFeatureReqHandler                  text70       001118
_USBStdGetDscHandler                      text69       002026
_USBStdGetStatusHandler                   text68       003348
_USBStdSetCfgHandler                      text66       0027E0
_USBSuspend                               text59       003F8C
_USBTransferOnePacket                     text9        002A7E
_USBWakeFromSuspend                       text58       003EDE
_USB_CD_Ptr                               mediumconst  007D6C
_USB_SD_Ptr                               mediumconst  007D62
_USER_USB_CALLBACK_EVENT_HANDLER          text71       00381E
_USTAT                                    (abs)        000F6C
_USTATcopy                                bssCOMRAM    00004D
_V_Eval                                   text38       002B56
__CFG_BOR$ON                              (abs)        000000
__CFG_BORV$3                              (abs)        000000
__CFG_CCP2MX$OFF                          (abs)        000000
__CFG_CP0$OFF                             (abs)        000000
__CFG_CP1$OFF                             (abs)        000000
__CFG_CP2$OFF                             (abs)        000000
__CFG_CP3$OFF                             (abs)        000000
__CFG_CPB$OFF                             (abs)        000000
__CFG_CPD$OFF                             (abs)        000000
__CFG_CPUDIV$OSC1_PLL2                    (abs)        000000
__CFG_EBTR0$OFF                           (abs)        000000
__CFG_EBTR1$OFF                           (abs)        000000
__CFG_EBTR2$OFF                           (abs)        000000
__CFG_EBTR3$OFF                           (abs)        000000
__CFG_EBTRB$OFF                           (abs)        000000
__CFG_FCMEN$OFF                           (abs)        000000
__CFG_FOSC$HSPLL_HS                       (abs)        000000
__CFG_IESO$OFF                            (abs)        000000
__CFG_LPT1OSC$OFF                         (abs)        000000
__CFG_LVP$OFF                             (abs)        000000
__CFG_MCLRE$OFF                           (abs)        000000
__CFG_PBADEN$OFF                          (abs)        000000
__CFG_PLLDIV$5                            (abs)        000000
__CFG_PWRT$OFF                            (abs)        000000
__CFG_STVREN$ON                           (abs)        000000
__CFG_USBDIV$2                            (abs)        000000
__CFG_VREGEN$ON                           (abs)        000000
__CFG_WDT$OFF                             (abs)        000000
__CFG_WDTPS$32768                         (abs)        000000
__CFG_WRT0$OFF                            (abs)        000000
__CFG_WRT1$OFF                            (abs)        000000
__CFG_WRT2$OFF                            (abs)        000000
__CFG_WRT3$OFF                            (abs)        000000
__CFG_WRTB$OFF                            (abs)        000000
__CFG_WRTC$OFF                            (abs)        000000
__CFG_WRTD$OFF                            (abs)        000000
__CFG_XINST$OFF                           (abs)        000000
__HRAM                                    (abs)        000000
__Habs1                                   abs1         000000
__Hbank0                                  bank0        000000
__Hbank1                                  bank1        000000
__Hbank2                                  bank2        000000
__Hbank3                                  bank3        000000
__Hbank4                                  bank4        000000
__Hbank5                                  bank5        000000
__Hbank6                                  bank6        000000
__Hbank7                                  bank7        000000
__Hbigbss                                 bigbss       000000
__Hbigdata                                bigdata      000000
__Hbigram                                 bigram       000000
__Hbss                                    bss          000000
__HbssBANK0                               bssBANK0     000000
__HbssBANK1                               bssBANK1     000000
__HbssBANK2                               bssBANK2     000000
__HbssCOMRAM                              bssCOMRAM    000000
__Hcinit                                  cinit        000000
__Hclrtext                                clrtext      000000
__Hcomram                                 comram       000000
__Hconfig                                 config       30000E
__Hconst                                  const        000000
__HcstackBANK0                            cstackBANK0  000000
__HcstackBANK1                            cstackBANK1  000000
__HcstackBANK2                            cstackBANK2  000000
__HcstackCOMRAM                           cstackCOMRAM 000000
__Hdata                                   data         000000
__HdataBANK1                              dataBANK1    000000
__Heeprom_data                            eeprom_data  000000
__Hend_init                               end_init     0000AA
__Hfarbss                                 farbss       000000
__Hfardata                                fardata      000000
__Hibigdata                               ibigdata     000000
__Hidata                                  idata        000000
__HidataBANK1                             idataBANK1   000000
__Hidloc                                  idloc        200008
__Hifardata                               ifardata     000000
__Hinit                                   init         0000A6
__Hintcode                                intcode      000016
__Hintcode_body                           intcode_body 000000
__Hintcodelo                              intcodelo    0000A6
__Hintentry                               intentry     000000
__Hintret                                 intret       000000
__Hintsave_regs                           intsave_regs 000000
__Hirdata                                 irdata       000000
__Hmediumconst                            mediumconst  008000
__HnvFARRAM                               nvFARRAM     000000
__Hnvbit                                  nvbit        000000
__Hnvrram                                 nvrram       000000
__Hparam                                  rparam       000000
__Hpowerup                                powerup      0000A6
__Hram                                    ram          000000
__Hramtop                                 ramtop       000800
__Hrbit                                   rbit         000000
__Hrbss                                   rbss         000000
__Hrdata                                  rdata        000000
__Hreset_vec                              reset_vec    000004
__Hrparam                                 rparam       000000
__Hsfr                                    sfr          000000
__Hsmallconst                             smallconst   000000
__Hspace_0                                (abs)        30000E
__Hspace_1                                (abs)        0002F2
__Hspace_2                                (abs)        000000
__Hstack                                  stack        000000
__Hstruct                                 struct       000000
__Htemp                                   temp         00004F
__Htext                                   text         000000
__Htext0                                  text0        000000
__Htext1                                  text1        000000
__Htext10                                 text10       000000
__Htext11                                 text11       000000
__Htext12                                 text12       000000
__Htext13                                 text13       000000
__Htext14                                 text14       000000
__Htext15                                 text15       000000
__Htext16                                 text16       000000
__Htext17                                 text17       000000
__Htext18                                 text18       000000
__Htext19                                 text19       000000
__Htext2                                  text2        000000
__Htext20                                 text20       000000
__Htext21                                 text21       000000
__Htext22                                 text22       000000
__Htext23                                 text23       000000
__Htext24                                 text24       000000
__Htext25                                 text25       000000
__Htext26                                 text26       000000
__Htext27                                 text27       000000
__Htext28                                 text28       000000
__Htext29                                 text29       000000
__Htext3                                  text3        000000
__Htext30                                 text30       000000
__Htext31                                 text31       000000
__Htext32                                 text32       000000
__Htext33                                 text33       000000
__Htext34                                 text34       000000
__Htext35                                 text35       000000
__Htext36                                 text36       000000
__Htext37                                 text37       000000
__Htext38                                 text38       000000
__Htext39                                 text39       000000
__Htext4                                  text4        000000
__Htext40                                 text40       000000
__Htext41                                 text41       000000
__Htext42                                 text42       000000
__Htext43                                 text43       000000
__Htext44                                 text44       000000
__Htext45                                 text45       000000
__Htext46                                 text46       000000
__Htext47                                 text47       000000
__Htext48                                 text48       000000
__Htext49                                 text49       000000
__Htext5                                  text5        000000
__Htext50                                 text50       000000
__Htext51                                 text51       000000
__Htext52                                 text52       000000
__Htext53                                 text53       000000
__Htext56                                 text56       000000
__Htext57                                 text57       000000
__Htext58                                 text58       000000
__Htext59                                 text59       000000
__Htext6                                  text6        000000
__Htext60                                 text60       000000
__Htext61                                 text61       000000
__Htext62                                 text62       000000
__Htext63                                 text63       000000
__Htext64                                 text64       000000
__Htext65                                 text65       000000
__Htext66                                 text66       000000
__Htext67                                 text67       000000
__Htext68                                 text68       000000
__Htext69                                 text69       000000
__Htext7                                  text7        000000
__Htext70                                 text70       000000
__Htext71                                 text71       000000
__Htext72                                 text72       000000
__Htext73                                 text73       000000
__Htext74                                 text74       000000
__Htext75                                 text75       000000
__Htext76                                 text76       000000
__Htext77                                 text77       000000
__Htext78                                 text78       000000
__Htext79                                 text79       000000
__Htext8                                  text8        000000
__Htext80                                 text80       000000
__Htext81                                 text81       000000
__Htext82                                 text82       000000
__Htext83                                 text83       000000
__Htext84                                 text84       000000
__Htext85                                 text85       000000
__Htext86                                 text86       000000
__Htext9                                  text9        000000
__LRAM                                    (abs)        000001
__Labs1                                   abs1         000000
__Lbank0                                  bank0        000000
__Lbank1                                  bank1        000000
__Lbank2                                  bank2        000000
__Lbank3                                  bank3        000000
__Lbank4                                  bank4        000000
__Lbank5                                  bank5        000000
__Lbank6                                  bank6        000000
__Lbank7                                  bank7        000000
__Lbigbss                                 bigbss       000000
__Lbigdata                                bigdata      000000
__Lbigram                                 bigram       000000
__Lbss                                    bss          000000
__LbssBANK0                               bssBANK0     000000
__LbssBANK1                               bssBANK1     000000
__LbssBANK2                               bssBANK2     000000
__LbssCOMRAM                              bssCOMRAM    000000
__Lcinit                                  cinit        000000
__Lclrtext                                clrtext      000000
__Lcomram                                 comram       000000
__Lconfig                                 config       300000
__Lconst                                  const        000000
__LcstackBANK0                            cstackBANK0  000000
__LcstackBANK1                            cstackBANK1  000000
__LcstackBANK2                            cstackBANK2  000000
__LcstackCOMRAM                           cstackCOMRAM 000000
__Ldata                                   data         000000
__LdataBANK1                              dataBANK1    000000
__Leeprom_data                            eeprom_data  000000
__Lend_init                               end_init     0000A6
__Lfarbss                                 farbss       000000
__Lfardata                                fardata      000000
__Libigdata                               ibigdata     000000
__Lidata                                  idata        000000
__LidataBANK1                             idataBANK1   000000
__Lidloc                                  idloc        200000
__Lifardata                               ifardata     000000
__Linit                                   init         0000A6
__Lintcode                                intcode      000008
__Lintcode_body                           intcode_body 000000
__Lintcodelo                              intcodelo    000018
__Lintentry                               intentry     000000
__Lintret                                 intret       000000
__Lintsave_regs                           intsave_regs 000000
__Lirdata                                 irdata       000000
__Lmediumconst                            mediumconst  007D2E
__LnvFARRAM                               nvFARRAM     000000
__Lnvbit                                  nvbit        000000
__Lnvrram                                 nvrram       000000
__Lparam                                  rparam       000000
__Lpowerup                                powerup      0000A6
__Lram                                    ram          000000
__Lramtop                                 ramtop       000800
__Lrbit                                   rbit         000000
__Lrbss                                   rbss         000000
__Lrdata                                  rdata        000000
__Lreset_vec                              reset_vec    000000
__Lrparam                                 rparam       000000
__Lsfr                                    sfr          000000
__Lsmallconst                             smallconst   000000
__Lspace_0                                (abs)        000000
__Lspace_1                                (abs)        000000
__Lspace_2                                (abs)        000000
__Lstack                                  stack        000000
__Lstruct                                 struct       000000
__Ltemp                                   temp         00004E
__Ltext                                   text         000000
__Ltext0                                  text0        000000
__Ltext1                                  text1        000000
__Ltext10                                 text10       000000
__Ltext11                                 text11       000000
__Ltext12                                 text12       000000
__Ltext13                                 text13       000000
__Ltext14                                 text14       000000
__Ltext15                                 text15       000000
__Ltext16                                 text16       000000
__Ltext17                                 text17       000000
__Ltext18                                 text18       000000
__Ltext19                                 text19       000000
__Ltext2                                  text2        000000
__Ltext20                                 text20       000000
__Ltext21                                 text21       000000
__Ltext22                                 text22       000000
__Ltext23                                 text23       000000
__Ltext24                                 text24       000000
__Ltext25                                 text25       000000
__Ltext26                                 text26       000000
__Ltext27                                 text27       000000
__Ltext28                                 text28       000000
__Ltext29                                 text29       000000
__Ltext3                                  text3        000000
__Ltext30                                 text30       000000
__Ltext31                                 text31       000000
__Ltext32                                 text32       000000
__Ltext33                                 text33       000000
__Ltext34                                 text34       000000
__Ltext35                                 text35       000000
__Ltext36                                 text36       000000
__Ltext37                                 text37       000000
__Ltext38                                 text38       000000
__Ltext39                                 text39       000000
__Ltext4                                  text4        000000
__Ltext40                                 text40       000000
__Ltext41                                 text41       000000
__Ltext42                                 text42       000000
__Ltext43                                 text43       000000
__Ltext44                                 text44       000000
__Ltext45                                 text45       000000
__Ltext46                                 text46       000000
__Ltext47                                 text47       000000
__Ltext48                                 text48       000000
__Ltext49                                 text49       000000
__Ltext5                                  text5        000000
__Ltext50                                 text50       000000
__Ltext51                                 text51       000000
__Ltext52                                 text52       000000
__Ltext53                                 text53       000000
__Ltext56                                 text56       000000
__Ltext57                                 text57       000000
__Ltext58                                 text58       000000
__Ltext59                                 text59       000000
__Ltext6                                  text6        000000
__Ltext60                                 text60       000000
__Ltext61                                 text61       000000
__Ltext62                                 text62       000000
__Ltext63                                 text63       000000
__Ltext64                                 text64       000000
__Ltext65                                 text65       000000
__Ltext66                                 text66       000000
__Ltext67                                 text67       000000
__Ltext68                                 text68       000000
__Ltext69                                 text69       000000
__Ltext7                                  text7        000000
__Ltext70                                 text70       000000
__Ltext71                                 text71       000000
__Ltext72                                 text72       000000
__Ltext73                                 text73       000000
__Ltext74                                 text74       000000
__Ltext75                                 text75       000000
__Ltext76                                 text76       000000
__Ltext77                                 text77       000000
__Ltext78                                 text78       000000
__Ltext79                                 text79       000000
__Ltext8                                  text8        000000
__Ltext80                                 text80       000000
__Ltext81                                 text81       000000
__Ltext82                                 text82       000000
__Ltext83                                 text83       000000
__Ltext84                                 text84       000000
__Ltext85                                 text85       000000
__Ltext86                                 text86       000000
__Ltext9                                  text9        000000
__S0                                      (abs)        30000E
__S1                                      (abs)        0002F2
__S2                                      (abs)        000000
___awdiv                                  text16       00328A
___awdiv@counter                          cstackBANK0  0000CB
___awdiv@dividend                         cstackBANK0  0000C7
___awdiv@divisor                          cstackBANK0  0000C9
___awdiv@quotient                         cstackBANK0  0000CD
___awdiv@sign                             cstackBANK0  0000CC
___awtoft                                 text41       003CE8
___awtoft@c                               cstackBANK0  0000CF
___awtoft@sign                            cstackBANK0  0000D2
___ftadd                                  text26       00139E
___ftadd@exp1                             cstackBANK0  0000ED
___ftadd@exp2                             cstackBANK0  0000EC
___ftadd@f1                               cstackBANK0  0000E2
___ftadd@f2                               cstackBANK0  0000E5
___ftadd@sign                             cstackBANK0  0000EB
___ftdiv                                  text40       001EDA
___ftdiv@cntr                             cstackBANK1  000178
___ftdiv@exp                              cstackBANK1  00017C
___ftdiv@f1                               cstackBANK1  00016F
___ftdiv@f2                               cstackBANK1  000172
___ftdiv@f3                               cstackBANK1  000179
___ftdiv@sign                             cstackBANK1  00017D
___ftge                                   text37       00303A
___ftge@ff1                               cstackBANK0  0000E2
___ftge@ff2                               cstackBANK0  0000E5
___ftmul                                  text39       001C26
___ftmul@cntr                             cstackBANK0  0000E0
___ftmul@exp                              cstackBANK0  0000DC
___ftmul@f1                               cstackBANK0  0000D3
___ftmul@f2                               cstackBANK0  0000D6
___ftmul@f3_as_product                    cstackBANK0  0000DD
___ftmul@sign                             cstackBANK0  0000E1
___ftneg                                  text25       003EAE
___ftneg@f1                               cstackBANK0  0000C7
___ftpack                                 text42       0024EC
___ftpack@arg                             cstackBANK0  0000C7
___ftpack@exp                             cstackBANK0  0000CA
___ftpack@sign                            cstackBANK0  0000CB
___inthi_sp                               stack        000000
___intlo_sp                               stack        000000
___lwdiv                                  text51       00389A
___lwdiv@counter                          cstackBANK0  0000CB
___lwdiv@dividend                         cstackBANK0  0000C7
___lwdiv@divisor                          cstackBANK0  0000C9
___lwdiv@quotient                         cstackBANK0  0000CC
___lwtoft                                 text36       003F38
___lwtoft@c                               cstackBANK0  0000CF
___param_bank                             (abs)        000010
___rparam_used                            (abs)        000001
___sp                                     stack        000000
___wmul                                   text50       003DAA
___wmul@multiplicand                      cstackBANK0  0000C9
___wmul@multiplier                        cstackBANK0  0000C7
___wmul@product                           cstackBANK0  0000CB
__accesstop                               (abs)        000060
__activetblptr                            (abs)        000002
__end_of_APP_CustomCDCInitialize          text77       0040A4
__end_of_APP_CustomCDCTasks               text10       00089C
__end_of_APP_USBCBErrorHandler            text76       0040B4
__end_of_APP_USBCBSuspend                 text75       0040B2
__end_of_APP_USBCBWakeFromSuspend         text74       0040B0
__end_of_APP_USBCB_SOF_Handler            text73       0040AE
__end_of_APP_USB_send                     text46       003AD4
__end_of_BusyADC                          text45       004092
__end_of_CDCInitEP                        text78       003B3C
__end_of_CDCTxService                     text8        00178E
__end_of_CalcPI                           text24       001118
__end_of_I_V_Set                          text23       00303A
__end_of_InitCharger                      text5        0035F4
__end_of_OpenADC                          text7        00381E
__end_of_OpenTimer1                       text6        003EAE
__end_of_ReadADC                          text44       004046
__end_of_SYSTEM_Initialize                text4        00401C
__end_of_SYS_InterruptHigh                intcode_body 0039F6
__end_of_SYS_InterruptLow                 intcodelo    0000A6
__end_of_SelChanConvADC                   text43       003FFC
__end_of_USBCheckCDCRequest               text72       002EA6
__end_of_USBCheckStdRequest               text65       0027E0
__end_of_USBConfigureEndpoint             text81       003688
__end_of_USBCtrlEPAllowDataStage          text64       00355A
__end_of_USBCtrlEPAllowStatusStage        text84       0031C6
__end_of_USBCtrlEPService                 text61       002D02
__end_of_USBCtrlEPServiceComplete         text63       0026EC
__end_of_USBCtrlTrfInHandler              text85       00328A
__end_of_USBCtrlTrfOutHandler             text82       003BF6
__end_of_USBCtrlTrfRxService              text83       0024EC
__end_of_USBCtrlTrfSetupHandler           text62       003716
__end_of_USBCtrlTrfTxService              text86       002DD6
__end_of_USBDeviceAttach                  text3        003E48
__end_of_USBDeviceInit                    text1        001EDA
__end_of_USBDeviceTasks                   text56       00229C
__end_of_USBEnableEndpoint                text80       003DAA
__end_of_USBStallHandler                  text60       003D6E
__end_of_USBStdFeatureReqHandler          text70       00139E
__end_of_USBStdGetDscHandler              text69       002162
__end_of_USBStdGetStatusHandler           text68       003402
__end_of_USBStdSetCfgHandler              text66       0028C6
__end_of_USBSuspend                       text59       003FB4
__end_of_USBTransferOnePacket             text9        002B56
__end_of_USBWakeFromSuspend               text58       003F0C
__end_of_USB_CD_Ptr                       mediumconst  007D6E
__end_of_USB_SD_Ptr                       mediumconst  007D68
__end_of_USER_USB_CALLBACK_EVENT_HANDLER  text71       00389A
__end_of_V_Eval                           text38       002C2C
__end_of___awdiv                          text16       003348
__end_of___awtoft                         text41       003D2C
__end_of___ftadd                          text26       001606
__end_of___ftdiv                          text40       002026
__end_of___ftge                           text37       003102
__end_of___ftmul                          text39       001D84
__end_of___ftneg                          text25       003EDE
__end_of___ftpack                         text42       0025F8
__end_of___lwdiv                          text51       003912
__end_of___lwtoft                         text36       003F62
__end_of___wmul                           text50       003DE0
__end_of__initialization                  cinit        003B8C
__end_of_calc_Time                        text15       0037A2
__end_of_check_Lipo                       text53       00409E
__end_of_check_Precondition               text35       002A7E
__end_of_configDescriptor1                mediumconst  007DB1
__end_of_device_dsc                       mediumconst  007E29
__end_of_end_Charge                       text34       0040AC
__end_of_hexpowers                        mediumconst  007D52
__end_of_initialize                       text33       004086
__end_of_isdigit                          text49       003F8C
__end_of_list_Action                      text32       00407A
__end_of_list_Battery                     text31       00406E
__end_of_list_Program                     text30       004062
__end_of_main                             text0        004034
__end_of_memset                           text2        003E14
__end_of_putUSBUSART                      text52       003FDA
__end_of_sd000                            mediumconst  007E2D
__end_of_sd001                            mediumconst  007DE9
__end_of_sd002                            mediumconst  007E17
__end_of_select_Action                    text29       0040AA
__end_of_select_Battery                   text28       0040A8
__end_of_select_Program                   text27       0040A6
__end_of_sprintf                          text48       000D38
__end_of_start_CC                         text22       003C9E
__end_of_start_CV                         text21       003A66
__end_of_start_Precondition               text20       003C4A
__end_of_stop_CV                          text19       0029A4
__end_of_strDate                          mediumconst  007D3E
__end_of_strDevice                        mediumconst  007D5A
__end_of_strManu                          mediumconst  007D6C
__end_of_strMisc                          mediumconst  007D62
__end_of_strVersion                       mediumconst  007D4A
__end_of_strcpy                           text18       003E7C
__end_of_strlen                           text47       003CE8
__end_of_strncmp                          text17       002F70
__end_of_strncpy                          text14       003984
__end_of_verifie_Ibat                     text13       001C26
__end_of_verifie_Precondition             text12       001A9E
__end_of_verifie_Vbat                     text11       001916
__end_ofi2_USBDeviceInit                  text57       0023D4
__end_ofi2_USBTransferOnePacket           text79       0034BC
__end_ofi2_memset                         text67       003F38
__initialization                          cinit        003B3C
__mediumconst                             mediumconst  007D2E
__pbssBANK0                               bssBANK0     000060
__pbssBANK1                               bssBANK1     000100
__pbssBANK2                               bssBANK2     000200
__pbssCOMRAM                              bssCOMRAM    00002D
__pcinit                                  cinit        003B3C
__pcstackBANK0                            cstackBANK0  0000B6
__pcstackBANK1                            cstackBANK1  00016F
__pcstackBANK2                            cstackBANK2  000280
__pcstackCOMRAM                           cstackCOMRAM 000001
__pdataBANK1                              dataBANK1    000192
__pidataBANK1                             idataBANK1   004046
__pintcode                                intcode      000008
__pintcode_body                           intcode_body 003984
__pintcodelo                              intcodelo    000018
__pmediumconst                            mediumconst  007D2E
__ptext0                                  text0        00401C
__ptext1                                  text1        001D84
__ptext10                                 text10       0000AA
__ptext11                                 text11       00178E
__ptext12                                 text12       001916
__ptext13                                 text13       001A9E
__ptext14                                 text14       003912
__ptext15                                 text15       003716
__ptext16                                 text16       00328A
__ptext17                                 text17       002EA6
__ptext18                                 text18       003E48
__ptext19                                 text19       0028C6
__ptext2                                  text2        003DE0
__ptext20                                 text20       003BF6
__ptext21                                 text21       0039F6
__ptext22                                 text22       003C4A
__ptext23                                 text23       002F70
__ptext24                                 text24       000D38
__ptext25                                 text25       003EAE
__ptext26                                 text26       00139E
__ptext27                                 text27       0040A4
__ptext28                                 text28       0040A6
__ptext29                                 text29       0040A8
__ptext3                                  text3        003E14
__ptext30                                 text30       004056
__ptext31                                 text31       004062
__ptext32                                 text32       00406E
__ptext33                                 text33       00407A
__ptext34                                 text34       0040AA
__ptext35                                 text35       0029A4
__ptext36                                 text36       003F38
__ptext37                                 text37       00303A
__ptext38                                 text38       002B56
__ptext39                                 text39       001C26
__ptext4                                  text4        003FFC
__ptext40                                 text40       001EDA
__ptext41                                 text41       003CE8
__ptext42                                 text42       0024EC
__ptext43                                 text43       003FDA
__ptext44                                 text44       004034
__ptext45                                 text45       004086
__ptext46                                 text46       003A66
__ptext47                                 text47       003C9E
__ptext48                                 text48       00089C
__ptext49                                 text49       003F62
__ptext5                                  text5        00355A
__ptext50                                 text50       003DAA
__ptext51                                 text51       00389A
__ptext52                                 text52       003FB4
__ptext53                                 text53       004092
__ptext56                                 text56       002162
__ptext57                                 text57       00229C
__ptext58                                 text58       003EDE
__ptext59                                 text59       003F8C
__ptext6                                  text6        003E7C
__ptext60                                 text60       003D2C
__ptext61                                 text61       002C2C
__ptext62                                 text62       003688
__ptext63                                 text63       0025F8
__ptext64                                 text64       0034BC
__ptext65                                 text65       0026EC
__ptext66                                 text66       0027E0
__ptext67                                 text67       003F0C
__ptext68                                 text68       003348
__ptext69                                 text69       002026
__ptext7                                  text7        0037A2
__ptext70                                 text70       001118
__ptext71                                 text71       00381E
__ptext72                                 text72       002DD6
__ptext73                                 text73       0040AC
__ptext74                                 text74       0040AE
__ptext75                                 text75       0040B0
__ptext76                                 text76       0040B2
__ptext77                                 text77       00409E
__ptext78                                 text78       003AD4
__ptext79                                 text79       003402
__ptext8                                  text8        001606
__ptext80                                 text80       003D6E
__ptext81                                 text81       0035F4
__ptext82                                 text82       003B9A
__ptext83                                 text83       0023D4
__ptext84                                 text84       003102
__ptext85                                 text85       0031C6
__ptext86                                 text86       002D02
__ptext9                                  text9        002A7E
__ramtop                                  ramtop       000800
__size_of_APP_CustomCDCInitialize         (abs)        000000
__size_of_APP_CustomCDCTasks              (abs)        000000
__size_of_APP_USBCBErrorHandler           (abs)        000000
__size_of_APP_USBCBSuspend                (abs)        000000
__size_of_APP_USBCBWakeFromSuspend        (abs)        000000
__size_of_APP_USBCB_SOF_Handler           (abs)        000000
__size_of_APP_USB_send                    (abs)        000000
__size_of_BusyADC                         (abs)        000000
__size_of_CDCInitEP                       (abs)        000000
__size_of_CDCTxService                    (abs)        000000
__size_of_CalcPI                          (abs)        000000
__size_of_I_V_Set                         (abs)        000000
__size_of_InitCharger                     (abs)        000000
__size_of_OpenADC                         (abs)        000000
__size_of_OpenTimer1                      (abs)        000000
__size_of_ReadADC                         (abs)        000000
__size_of_SYSTEM_Initialize               (abs)        000000
__size_of_SYS_InterruptHigh               (abs)        000000
__size_of_SYS_InterruptLow                (abs)        000000
__size_of_SelChanConvADC                  (abs)        000000
__size_of_USBCheckCDCRequest              (abs)        000000
__size_of_USBCheckStdRequest              (abs)        000000
__size_of_USBConfigureEndpoint            (abs)        000000
__size_of_USBCtrlEPAllowDataStage         (abs)        000000
__size_of_USBCtrlEPAllowStatusStage       (abs)        000000
__size_of_USBCtrlEPService                (abs)        000000
__size_of_USBCtrlEPServiceComplete        (abs)        000000
__size_of_USBCtrlTrfInHandler             (abs)        000000
__size_of_USBCtrlTrfOutHandler            (abs)        000000
__size_of_USBCtrlTrfRxService             (abs)        000000
__size_of_USBCtrlTrfSetupHandler          (abs)        000000
__size_of_USBCtrlTrfTxService             (abs)        000000
__size_of_USBDeviceAttach                 (abs)        000000
__size_of_USBDeviceInit                   (abs)        000000
__size_of_USBDeviceTasks                  (abs)        000000
__size_of_USBEnableEndpoint               (abs)        000000
__size_of_USBStallHandler                 (abs)        000000
__size_of_USBStdFeatureReqHandler         (abs)        000000
__size_of_USBStdGetDscHandler             (abs)        000000
__size_of_USBStdGetStatusHandler          (abs)        000000
__size_of_USBStdSetCfgHandler             (abs)        000000
__size_of_USBSuspend                      (abs)        000000
__size_of_USBTransferOnePacket            (abs)        000000
__size_of_USBWakeFromSuspend              (abs)        000000
__size_of_USER_USB_CALLBACK_EVENT_HANDLER (abs)        000000
__size_of_V_Eval                          (abs)        000000
__size_of___awdiv                         (abs)        000000
__size_of___awtoft                        (abs)        000000
__size_of___ftadd                         (abs)        000000
__size_of___ftdiv                         (abs)        000000
__size_of___ftge                          (abs)        000000
__size_of___ftmul                         (abs)        000000
__size_of___ftneg                         (abs)        000000
__size_of___ftpack                        (abs)        000000
__size_of___lwdiv                         (abs)        000000
__size_of___lwtoft                        (abs)        000000
__size_of___wmul                          (abs)        000000
__size_of_calc_Time                       (abs)        000000
__size_of_check_Lipo                      (abs)        000000
__size_of_check_Precondition              (abs)        000000
__size_of_end_Charge                      (abs)        000000
__size_of_initialize                      (abs)        000000
__size_of_isdigit                         (abs)        000000
__size_of_list_Action                     (abs)        000000
__size_of_list_Battery                    (abs)        000000
__size_of_list_Program                    (abs)        000000
__size_of_main                            (abs)        000000
__size_of_memset                          (abs)        000000
__size_of_putUSBUSART                     (abs)        000000
__size_of_select_Action                   (abs)        000000
__size_of_select_Battery                  (abs)        000000
__size_of_select_Program                  (abs)        000000
__size_of_sprintf                         (abs)        000000
__size_of_start_CC                        (abs)        000000
__size_of_start_CV                        (abs)        000000
__size_of_start_Precondition              (abs)        000000
__size_of_stop_CV                         (abs)        000000
__size_of_strcpy                          (abs)        000000
__size_of_strlen                          (abs)        000000
__size_of_strncmp                         (abs)        000000
__size_of_strncpy                         (abs)        000000
__size_of_verifie_Ibat                    (abs)        000000
__size_of_verifie_Precondition            (abs)        000000
__size_of_verifie_Vbat                    (abs)        000000
__size_ofi2_USBDeviceInit                 (abs)        000000
__size_ofi2_USBTransferOnePacket          (abs)        000000
__size_ofi2_memset                        (abs)        000000
__smallconst                              smallconst   000000
_algo_Name                                dataBANK1    000192
[...]
		None
 Auto vars:     Size  Location     Type
		None
 Return value:  Size  Location     Type
		None               void
 Registers used:
		wreg, fsr2l, fsr2h, status,2, status,0, prodl, prodh, cstack
 Tracked objects:
		On entry : 
		On exit  : 
		Unchanged: 
 Data sizes:     COMRAM   BANK0   BANK1   BANK2   BANK3   BANK4   BANK5   BANK6   BANK7
      Params:         0       0       0       0       0       0       0       0       0
      Locals:         0       0       0       0       0       0       0       0       0
      Temps:          0       0       0       0       0       0       0       0       0
      Totals:         0       0       0       0       0       0       0       0       0
Total ram usage:        0 bytes
 Hardware stack levels used:    1
 Hardware stack levels required when called:    2
 This function calls:
		_USBEnableEndpoint
		i2_USBTransferOnePacket
 This function is called by:
		_APP_CustomCDCInitialize
 This function uses a non-reentrant model


 *************** function i2_USBTransferOnePacket *****************
 Defined at:
		line 995 in file "../mla/v2014_07_22/framework/usb/src/usb_device.c"
 Parameters:    Size  Location     Type
  ep              1    wreg     unsigned char 
  dir             1   17[COMRAM] unsigned char 
  data            2   18[COMRAM] PTR unsigned char 
		 -> cdc_data_tx(64), cdc_data_rx(64), NULL(0), 
  len             1   20[COMRAM] unsigned char 
 Auto vars:     Size  Location     Type
  ep              1   21[COMRAM] unsigned char 
  USBTransferO    2   22[COMRAM] PTR volatile struct __BD
		 -> NULL(0), BDT(48), 
 Return value:  Size  Location     Type
                  2   17[COMRAM] PTR void 
 Registers used:
		wreg, fsr2l, fsr2h, status,2, status,0, prodl, prodh
 Tracked objects:
		On entry : 
		On exit  : 
		Unchanged: 
 Data sizes:     COMRAM   BANK0   BANK1   BANK2   BANK3   BANK4   BANK5   BANK6   BANK7
      Params:         4       0       0       0       0       0       0       0       0
      Locals:         3       0       0       0       0       0       0       0       0
      Temps:          0       0       0       0       0       0       0       0       0
      Totals:         7       0       0       0       0       0       0       0       0
Total ram usage:        7 bytes
 Hardware stack levels used:    1
 This function calls:
		Nothing
 This function is called by:
		_CDCInitEP
 This function uses a non-reentrant model


 *************** function _USBEnableEndpoint *****************
 Defined at:
		line 878 in file "../mla/v2014_07_22/framework/usb/src/usb_device.c"
 Parameters:    Size  Location     Type
  ep              1    wreg     unsigned char 
  options         1   25[COMRAM] unsigned char 
 Auto vars:     Size  Location     Type
  ep              1   28[COMRAM] unsigned char 
  p               2   26[COMRAM] PTR unsigned char 
		 -> UEP0(1), 
 Return value:  Size  Location     Type
		None               void
 Registers used:
		wreg, fsr2l, fsr2h, status,2, status,0, prodl, prodh, cstack
 Tracked objects:
		On entry : 
		On exit  : 
		Unchanged: 
 Data sizes:     COMRAM   BANK0   BANK1   BANK2   BANK3   BANK4   BANK5   BANK6   BANK7
      Params:         1       0       0       0       0       0       0       0       0
      Locals:         3       0       0       0       0       0       0       0       0
      Temps:          0       0       0       0       0       0       0       0       0
      Totals:         4       0       0       0       0       0       0       0       0
Total ram usage:        4 bytes
 Hardware stack levels used:    1
 Hardware stack levels required when called:    1
 This function calls:
		_USBConfigureEndpoint
 This function is called by:
		_CDCInitEP
 This function uses a non-reentrant model


 *************** function _USBConfigureEndpoint *****************
 Defined at:
		line 1543 in file "../mla/v2014_07_22/framework/usb/src/usb_device.c"
 Parameters:    Size  Location     Type
  EPNum           1    wreg     unsigned char 
  direction       1   17[COMRAM] unsigned char 
 Auto vars:     Size  Location     Type
  EPNum           1   22[COMRAM] unsigned char 
  handle          2   23[COMRAM] PTR volatile struct __BD
		 -> BDT(48), 
 Return value:  Size  Location     Type
		None               void
 Registers used:
		wreg, fsr2l, fsr2h, status,2, status,0, prodl, prodh
 Tracked objects:
		On entry : 
		On exit  : 
		Unchanged: 
 Data sizes:     COMRAM   BANK0   BANK1   BANK2   BANK3   BANK4   BANK5   BANK6   BANK7
      Params:         1       0       0       0       0       0       0       0       0
      Locals:         3       0       0       0       0       0       0       0       0
      Temps:          4       0       0       0       0       0       0       0       0
      Totals:         8       0       0       0       0       0       0       0       0
Total ram usage:        8 bytes
 Hardware stack levels used:    1
 This function calls:
		Nothing
 This function is called by:
		_USBEnableEndpoint
 This function uses a non-reentrant model


 *************** function _USBCtrlTrfOutHandler *****************
 Defined at:
		line 2541 in file "../mla/v2014_07_22/framework/usb/src/usb_device.c"
 Parameters:    Size  Location     Type
		None
 Auto vars:     Size  Location     Type
		None
 Return value:  Size  Location     Type
		None               void
 Registers used:
		wreg, fsr1l, fsr1h, fsr2l, fsr2h, status,2, status,0, prodl, prodh, cstack
 Tracked objects:
		On entry : 
		On exit  : 
		Unchanged: 
 Data sizes:     COMRAM   BANK0   BANK1   BANK2   BANK3   BANK4   BANK5   BANK6   BANK7
      Params:         0       0       0       0       0       0       0       0       0
      Locals:         0       0       0       0       0       0       0       0       0
      Temps:          0       0       0       0       0       0       0       0       0
      Totals:         0       0       0       0       0       0       0       0       0
Total ram usage:        0 bytes
 Hardware stack levels used:    1
 Hardware stack levels required when called:    2
 This function calls:
		_USBCtrlTrfRxService
 This function is called by:
		_USBCtrlEPService
 This function uses a non-reentrant model


 *************** function _USBCtrlTrfRxService *****************
 Defined at:
		line 1852 in file "../mla/v2014_07_22/framework/usb/src/usb_device.c"
 Parameters:    Size  Location     Type
		None
 Auto vars:     Size  Location     Type
  byteToRead      1   18[COMRAM] unsigned char 
  i               1   17[COMRAM] unsigned char 
 Return value:  Size  Location     Type
		None               void
 Registers used:
		wreg, fsr1l, fsr1h, fsr2l, fsr2h, status,2, status,0, prodl, prodh, cstack
 Tracked objects:
		On entry : 
		On exit  : 
		Unchanged: 
 Data sizes:     COMRAM   BANK0   BANK1   BANK2   BANK3   BANK4   BANK5   BANK6   BANK7
      Params:         0       0       0       0       0       0       0       0       0
      Locals:         2       0       0       0       0       0       0       0       0
      Temps:          0       0       0       0       0       0       0       0       0
      Totals:         2       0       0       0       0       0       0       0       0
Total ram usage:        2 bytes
 Hardware stack levels used:    1
 Hardware stack levels required when called:    1
 This function calls:
		_USBCtrlEPAllowStatusStage
 This function is called by:
		_USBCtrlTrfOutHandler
 This function uses a non-reentrant model


 *************** function _USBCtrlEPAllowStatusStage *****************
 Defined at:
		line 1416 in file "../mla/v2014_07_22/framework/usb/src/usb_device.c"
 Parameters:    Size  Location     Type
		None
 Auto vars:     Size  Location     Type
		None
 Return value:  Size  Location     Type
		None               void
 Registers used:
		wreg, fsr2l, fsr2h, status,2, status,0
 Tracked objects:
		On entry : 
		On exit  : 
		Unchanged: 
 Data sizes:     COMRAM   BANK0   BANK1   BANK2   BANK3   BANK4   BANK5   BANK6   BANK7
      Params:         0       0       0       0       0       0       0       0       0
      Locals:         0       0       0       0       0       0       0       0       0
      Temps:          0       0       0       0       0       0       0       0       0
      Totals:         0       0       0       0       0       0       0       0       0
Total ram usage:        0 bytes
 Hardware stack levels used:    1
 This function calls:
		Nothing
 This function is called by:
		_USBDeviceTasks
		_USBCtrlEPServiceComplete
		_USBCtrlTrfRxService
 This function uses a non-reentrant model


 *************** function _USBCtrlTrfInHandler *****************
 Defined at:
		line 2595 in file "../mla/v2014_07_22/framework/usb/src/usb_device.c"
 Parameters:    Size  Location     Type
		None
 Auto vars:     Size  Location     Type
  lastDTS         1   18[COMRAM] unsigned char 
 Return value:  Size  Location     Type
		None               void
 Registers used:
		wreg, fsr0l, fsr0h, fsr2l, fsr2h, status,2, status,0, tblptrl, tblptrh, tblptru, cstack
 Tracked objects:
		On entry : 
		On exit  : 
		Unchanged: 
 Data sizes:     COMRAM   BANK0   BANK1   BANK2   BANK3   BANK4   BANK5   BANK6   BANK7
      Params:         0       0       0       0       0       0       0       0       0
      Locals:         1       0       0       0       0       0       0       0       0
      Temps:          0       0       0       0       0       0       0       0       0
      Totals:         1       0       0       0       0       0       0       0       0
Total ram usage:        1 bytes
 Hardware stack levels used:    1
 Hardware stack levels required when called:    1
 This function calls:
		_USBCtrlTrfTxService
 This function is called by:
		_USBCtrlEPService
 This function uses a non-reentrant model


 *************** function _USBCtrlTrfTxService *****************
 Defined at:
		line 1771 in file "../mla/v2014_07_22/framework/usb/src/usb_device.c"
 Parameters:    Size  Location     Type
		None
 Auto vars:     Size  Location     Type
  byteToSend      1   17[COMRAM] unsigned char 
 Return value:  Size  Location     Type
		None               void
 Registers used:
		wreg, fsr0l, fsr0h, fsr2l, fsr2h, status,2, status,0, tblptrl, tblptrh, tblptru
 Tracked objects:
		On entry : 
		On exit  : 
		Unchanged: 
 Data sizes:     COMRAM   BANK0   BANK1   BANK2   BANK3   BANK4   BANK5   BANK6   BANK7
      Params:         0       0       0       0       0       0       0       0       0
      Locals:         1       0       0       0       0       0       0       0       0
      Temps:          0       0       0       0       0       0       0       0       0
      Totals:         1       0       0       0       0       0       0       0       0
Total ram usage:        1 bytes
 Hardware stack levels used:    1
 This function calls:
		Nothing
 This function is called by:
		_USBCtrlEPAllowDataStage
		_USBCtrlTrfInHandler
 This function uses a non-reentrant model



MODULE INFORMATION

Module		Function		Class		Link	Load	Size
D:\Info\Soft\MPLABX\v1.35\sources\common\lwdiv.c
		___lwdiv       		CODE           	389A	0000	121

D:\Info\Soft\MPLABX\v1.35\sources\common\lwdiv.c estimated size: 121

D:\Info\Soft\MPLABX\v1.35\sources\common\awdiv.c
		___awdiv       		CODE           	328A	0000	191

D:\Info\Soft\MPLABX\v1.35\sources\common\awdiv.c estimated size: 191

D:\Info\Soft\MPLABX\v1.35\sources\pic18\plib\ADC\adcbusy.c
		_BusyADC       		CODE           	4086	0000	13

D:\Info\Soft\MPLABX\v1.35\sources\pic18\plib\ADC\adcbusy.c estimated size: 13

D:\Info\Soft\MPLABX\v1.35\sources\common\ftadd.c
		___ftadd       		CODE           	139E	0000	617

D:\Info\Soft\MPLABX\v1.35\sources\common\ftadd.c estimated size: 617

D:\Info\Soft\MPLABX\v1.35\sources\pic18\plib\ADC\adcopen.c
		_OpenADC       		CODE           	37A2	0000	125

D:\Info\Soft\MPLABX\v1.35\sources\pic18\plib\ADC\adcopen.c estimated size: 125

D:\Info\Soft\MPLABX\v1.35\sources\common\ftge.c
		___ftge        		CODE           	303A	0000	201

D:\Info\Soft\MPLABX\v1.35\sources\common\ftge.c estimated size: 201

D:\Info\Soft\MPLABX\v1.35\sources\common\isdigit.c
		_isdigit       		CODE           	3F62	0000	43

D:\Info\Soft\MPLABX\v1.35\sources\common\isdigit.c estimated size: 43

D:\Info\Soft\MPLABX\v1.35\sources\common\strlen.c
		_strlen        		CODE           	3C9E	0000	75

D:\Info\Soft\MPLABX\v1.35\sources\common\strlen.c estimated size: 75

../mla/v2014_07_22/framework/usb/src/usb_device_cdc.c
		_CDCTxService  		CODE           	1606	0000	393
		_CDCInitEP     		CODE           	3AD4	0000	105
		_putUSBUSART   		CODE           	3FB4	0000	39
		_USBCheckCDCRequest		CODE           	2DD6	0000	209

../mla/v2014_07_22/framework/usb/src/usb_device_cdc.c estimated size: 746

D:\Info\Soft\MPLABX\v1.35\sources\common\awtoft.c
		___awtoft      		CODE           	3CE8	0000	69

D:\Info\Soft\MPLABX\v1.35\sources\common\awtoft.c estimated size: 69

D:\Info\Soft\MPLABX\v1.35\sources\common\strcpy.c
		_strcpy        		CODE           	3E48	0000	53

D:\Info\Soft\MPLABX\v1.35\sources\common\strcpy.c estimated size: 53

D:\Info\Soft\MPLABX\v1.35\sources\common\memset.c
		_memset        		CODE           	3DE0	0000	53

D:\Info\Soft\MPLABX\v1.35\sources\common\memset.c estimated size: 53

../mla/v2014_07_22/framework/usb/src/usb_device.c
		_USBCtrlTrfInHandler		CODE           	31C6	0000	197
		_USBTransferOnePacket		CODE           	2A7E	0000	217
		_USBDeviceAttach		CODE           	3E14	0000	53
		_USBStdGetDscHandler		CODE           	2026	0000	317
		_USBCtrlEPAllowDataStage		CODE           	34BC	0000	159
		_USBStdFeatureReqHandler		CODE           	1118	0000	647
		_USBCtrlEPAllowStatusStage		CODE           	3102	0000	197
		_USBCtrlTrfSetupHandler		CODE           	3688	0000	143
		_USBCtrlTrfOutHandler		CODE           	3B9A	0000	93
		_USBCtrlEPServiceComplete		CODE           	25F8	0000	245
		_USBSuspend    		CODE           	3F8C	0000	41
		_USBStdSetCfgHandler		CODE           	27E0	0000	231
		_USBStdGetStatusHandler		CODE           	3348	0000	187
		_USBWakeFromSuspend		CODE           	3EDE	0000	47
		_USBCtrlTrfRxService		CODE           	23D4	0000	281
		_USBCtrlTrfTxService		CODE           	2D02	0000	213
		_USBEnableEndpoint		CODE           	3D6E	0000	61
		_USBConfigureEndpoint		CODE           	35F4	0000	149
		_USBDeviceInit 		CODE           	1D84	0000	343
		_USBCtrlEPService		CODE           	2C2C	0000	215
		_USBStallHandler		CODE           	3D2C	0000	67
		_USBDeviceTasks		CODE           	2162	0000	315
		_USBCheckStdRequest		CODE           	26EC	0000	245

../mla/v2014_07_22/framework/usb/src/usb_device.c estimated size: 4663

D:\Info\Soft\MPLABX\v1.35\sources\common\ftneg.c
		___ftneg       		CODE           	3EAE	0000	49

D:\Info\Soft\MPLABX\v1.35\sources\common\ftneg.c estimated size: 49

D:\Info\Soft\MPLABX\v1.35\sources\common\doprnt.c
		_sprintf       		CODE           	089C	0000	1181

D:\Info\Soft\MPLABX\v1.35\sources\common\doprnt.c estimated size: 1181

D:\Info\Soft\MPLABX\v1.35\sources\common\float.c
		___ftpack      		CODE           	24EC	0000	269

D:\Info\Soft\MPLABX\v1.35\sources\common\float.c estimated size: 269

D:\Info\Soft\MPLABX\v1.35\sources\common\lwtoft.c
		___lwtoft      		CODE           	3F38	0000	43

D:\Info\Soft\MPLABX\v1.35\sources\common\lwtoft.c estimated size: 43

app_custom_cdc.c
		_APP_USBCBWakeFromSuspend		CODE           	40AE	0000	3
		_APP_CustomCDCInitialize		CODE           	409E	0000	7
		_APP_CustomCDCTasks		CODE           	00AA	0000	2035
		_APP_USB_send  		CODE           	3A66	0000	111
		_APP_USBCBSuspend		CODE           	40B0	0000	3
		_APP_USBCB_SOF_Handler		CODE           	40AC	0000	3
		_APP_USBCBErrorHandler		CODE           	40B2	0000	3

app_custom_cdc.c estimated size: 2165

D:\Info\Soft\MPLABX\v1.35\sources\pic18\plib\ADC\adcread.c
		_ReadADC       		CODE           	4034	0000	19

D:\Info\Soft\MPLABX\v1.35\sources\pic18\plib\ADC\adcread.c estimated size: 19

D:\Info\Soft\MPLABX\v1.35\sources\pic18\plib\ADC\adcselchconv.c
		_SelChanConvADC		CODE           	3FDA	0000	35

D:\Info\Soft\MPLABX\v1.35\sources\pic18\plib\ADC\adcselchconv.c estimated size: 35

D:\Info\Soft\MPLABX\v1.35\sources\pic18\plib\Timers\t1open.c
		_OpenTimer1    		CODE           	3E7C	0000	51

D:\Info\Soft\MPLABX\v1.35\sources\pic18\plib\Timers\t1open.c estimated size: 51

shared
		_configDescriptor1		MEDIUMCONST    	7D6E	0000	68
		_strMisc       		MEDIUMCONST    	7D5A	0000	9
		_USB_CD_Ptr    		MEDIUMCONST    	7D6C	0000	3
		_sd001         		MEDIUMCONST    	7DB1	0000	57
		_sd002         		MEDIUMCONST    	7DE9	0000	47
		i2_USBDeviceInit		CODE           	229C	0000	313
		_strManu       		MEDIUMCONST    	7D68	0000	5
		__initialization		CODE           	3B3C	0000	81
		_device_dsc    		MEDIUMCONST    	7E17	0000	19
		_strDate       		MEDIUMCONST    	7D2F	0000	16
		_hexpowers     		MEDIUMCONST    	7D4A	0000	9
		_strDevice     		MEDIUMCONST    	7D52	0000	9
		_USB_SD_Ptr    		MEDIUMCONST    	7D62	0000	7
		_strVersion    		MEDIUMCONST    	7D3E	0000	13
		i2_memset      		CODE           	3F0C	0000	45
		_sd000         		MEDIUMCONST    	7E29	0000	5
		i2_USBTransferOnePacket		CODE           	3402	0000	187

shared estimated size: 893

D:\Info\Soft\MPLABX\v1.35\sources\common\ftmul.c
		___ftmul       		CODE           	1C26	0000	351

D:\Info\Soft\MPLABX\v1.35\sources\common\ftmul.c estimated size: 351

D:\Info\Soft\MPLABX\v1.35\sources\common\Umul16.c
		___wmul        		CODE           	3DAA	0000	55

D:\Info\Soft\MPLABX\v1.35\sources\common\Umul16.c estimated size: 55

D:\Info\Soft\MPLABX\v1.35\sources\common\ftdiv.c
		___ftdiv       		CODE           	1EDA	0000	333

D:\Info\Soft\MPLABX\v1.35\sources\common\ftdiv.c estimated size: 333

D:\Info\Soft\MPLABX\v1.35\sources\common\strncmp.c
		_strncmp       		CODE           	2EA6	0000	203

D:\Info\Soft\MPLABX\v1.35\sources\common\strncmp.c estimated size: 203

D:\Info\Soft\MPLABX\v1.35\sources\common\strncpy.c
		_strncpy       		CODE           	3912	0000	115

D:\Info\Soft\MPLABX\v1.35\sources\common\strncpy.c estimated size: 115

user.c
		_end_Charge    		CODE           	40AA	0000	3
		_check_Precondition		CODE           	29A4	0000	219
		_start_Precondition		CODE           	3BF6	0000	85
		_select_Action 		CODE           	40A8	0000	3
		_list_Action   		CODE           	406E	0000	13
		_list_Battery  		CODE           	4062	0000	13
		_select_Program		CODE           	40A4	0000	3
		_select_Battery		CODE           	40A6	0000	3
		_verifie_Precondition		CODE           	1916	0000	393
		_start_CC      		CODE           	3C4A	0000	85
		_start_CV      		CODE           	39F6	0000	113
		_I_V_Set       		CODE           	2F70	0000	203
		_check_Lipo    		CODE           	4092	0000	13
		_verifie_Ibat  		CODE           	1A9E	0000	393
		_verifie_Vbat  		CODE           	178E	0000	393
		_stop_CV       		CODE           	28C6	0000	223
		_list_Program  		CODE           	4056	0000	13
		_InitCharger   		CODE           	355A	0000	155
		_initialize    		CODE           	407A	0000	13
		_calc_Time     		CODE           	3716	0000	141
		_CalcPI        		CODE           	0D38	0000	993
		_V_Eval        		CODE           	2B56	0000	215

user.c estimated size: 3688

main_cdc.c
		_main          		CODE           	401C	0000	25
		_USER_USB_CALLBACK_EVENT_HANDLER		CODE           	381E	0000	125

main_cdc.c estimated size: 150

system.c
		_SYS_InterruptLow		CODE           	0018	0000	143
		_SYS_InterruptHigh		CODE           	0008	0000	129
		_SYSTEM_Initialize		CODE           	3FFC	0000	33

system.c estimated size: 305

